2026-06-17 08:37:14.742796 [INFEED CONVEYOR PLC] [INFO] Start Infeed Conveyor PLC
2026-06-17 08:37:49.742564 [INFEED CONVEYOR PLC] [INFO] S21: CheckPermissives
2026-06-17 08:37:49.843349 [INFEED CONVEYOR PLC] [INFO] S22: ConveyorRun
2026-06-17 08:41:08.616617 [INFEED CONVEYOR PLC] [INFO] Start Infeed Conveyor PLC
2026-06-17 08:42:02.016303 [INFEED CONVEYOR PLC] [INFO] S21: CheckPermissives
2026-06-17 08:42:02.116924 [INFEED CONVEYOR PLC] [INFO] S22: ConveyorRun
2026-06-17 08:42:09.415840 [INFEED CONVEYOR PLC] [INFO] S23: ConveyorStop
2026-06-17 08:42:09.516388 [INFEED CONVEYOR PLC] [INFO] S24: AcceptTray
2026-06-17 08:42:11.716074 [INFEED CONVEYOR PLC] [INFO] S21: CheckPermissives
2026-06-17 08:42:11.815801 [INFEED CONVEYOR PLC] [INFO] S22: ConveyorRun
2026-06-17 08:42:22.315749 [INFEED CONVEYOR PLC] [INFO] S23: ConveyorStop
2026-06-17 08:42:22.417099 [INFEED CONVEYOR PLC] [INFO] S24: AcceptTray
2026-06-17 08:42:24.617003 [INFEED CONVEYOR PLC] [INFO] S21: CheckPermissives
2026-06-17 08:42:24.717032 [INFEED CONVEYOR PLC] [INFO] S22: ConveyorRun
2026-06-17 08:42:55.216962 [INFEED CONVEYOR PLC] [INFO] S23: ConveyorStop
2026-06-17 08:42:55.316146 [INFEED CONVEYOR PLC] [INFO] S24: AcceptTray
2026-06-17 08:42:57.515800 [INFEED CONVEYOR PLC] [INFO] S21: CheckPermissives
2026-06-17 08:42:57.616990 [INFEED CONVEYOR PLC] [INFO] S22: ConveyorRun
2026-06-17 08:43:04.516342 [INFEED CONVEYOR PLC] [INFO] S23: ConveyorStop
2026-06-17 08:43:04.616468 [INFEED CONVEYOR PLC] [INFO] S24: AcceptTray
2026-06-17 08:43:06.815730 [INFEED CONVEYOR PLC] [INFO] S21: CheckPermissives
2026-06-17 08:43:06.917033 [INFEED CONVEYOR PLC] [INFO] S22: ConveyorRun
2026-06-17 08:43:12.316294 [INFEED CONVEYOR PLC] [INFO] S23: ConveyorStop
2026-06-17 08:43:12.415794 [INFEED CONVEYOR PLC] [INFO] S24: AcceptTray
2026-06-17 08:43:14.616966 [INFEED CONVEYOR PLC] [INFO] S21: CheckPermissives
2026-06-17 08:43:14.716949 [INFEED CONVEYOR PLC] [INFO] S22: ConveyorRun
2026-06-17 08:43:22.615932 [INFEED CONVEYOR PLC] [INFO] S23: ConveyorStop
2026-06-17 08:43:22.715786 [INFEED CONVEYOR PLC] [INFO] S24: AcceptTray
2026-06-17 08:43:24.916938 [INFEED CONVEYOR PLC] [INFO] S21: CheckPermissives
2026-06-17 08:43:25.017122 [INFEED CONVEYOR PLC] [INFO] S22: ConveyorRun
2026-06-17 08:46:37.016608 [INFEED CONVEYOR PLC] [CRITICAL] Switching to EMERGENCY mode: Emergency condition active.
2026-06-17 08:47:54.416828 [INFEED CONVEYOR PLC] [INFO] Reset received. Recovering from Emergency...
2026-06-17 08:47:54.417411 [INFEED CONVEYOR PLC] [INFO] PLC successfully recovered to RUNNING mode.
2026-06-17 08:47:54.517001 [INFEED CONVEYOR PLC] [INFO] S20: Idle
2026-06-17 08:49:20.316953 [INFEED CONVEYOR PLC] [INFO] S21: CheckPermissives
2026-06-17 08:49:20.416919 [INFEED CONVEYOR PLC] [INFO] S22: ConveyorRun
2026-06-17 08:49:28.616929 [INFEED CONVEYOR PLC] [INFO] S23: ConveyorStop
2026-06-17 08:49:28.716430 [INFEED CONVEYOR PLC] [INFO] S24: AcceptTray
2026-06-17 08:49:30.916086 [INFEED CONVEYOR PLC] [INFO] S21: CheckPermissives
2026-06-17 08:49:31.016042 [INFEED CONVEYOR PLC] [INFO] S22: ConveyorRun
2026-06-17 08:49:36.117130 [INFEED CONVEYOR PLC] [INFO] S23: ConveyorStop
2026-06-17 08:49:36.216927 [INFEED CONVEYOR PLC] [INFO] S24: AcceptTray
2026-06-17 08:49:38.415720 [INFEED CONVEYOR PLC] [INFO] S21: CheckPermissives
2026-06-17 08:49:38.516287 [INFEED CONVEYOR PLC] [INFO] S22: ConveyorRun
2026-06-17 08:49:48.316943 [INFEED CONVEYOR PLC] [INFO] S23: ConveyorStop
2026-06-17 08:49:48.416827 [INFEED CONVEYOR PLC] [INFO] S24: AcceptTray
2026-06-17 08:49:50.615893 [INFEED CONVEYOR PLC] [INFO] S21: CheckPermissives
2026-06-17 08:49:50.717152 [INFEED CONVEYOR PLC] [INFO] S22: ConveyorRun
2026-06-17 08:49:57.516693 [INFEED CONVEYOR PLC] [INFO] Exit Infeed Conveyor PLC
2026-06-17 08:49:57.616679 [INFEED CONVEYOR PLC] [INFO] Exiting PLC program - invoking exit routine.
