2026-06-17 08:37:14.742796 [LOADING STATION PLC] [INFO] Start Loading Station PLC
2026-06-17 08:37:14.744778 [LOADING STATION PLC] [INFO] Connect to remote loading station.
2026-06-17 08:37:16.795343 [LOADING STATION PLC] [INFO] Connection attempt 1 failed: [WinError 10061] Kan geen verbinding maken omdat de doelcomputer de verbinding actief heeft geweigerd
2026-06-17 08:37:18.820873 [LOADING STATION PLC] [INFO] Connected to device at localhost:65432
2026-06-17 08:38:02.142990 [LOADING STATION PLC] [INFO] S11: CheckPermissives
2026-06-17 08:38:02.142990 [LOADING STATION PLC] [INFO] Loading station says: Ready to go.
2026-06-17 08:38:02.243450 [LOADING STATION PLC] [INFO] S12: LoadTray
2026-06-17 08:38:02.243450 [LOADING STATION PLC] [INFO] Loading station says: Loading cycle started.
2026-06-17 08:38:02.343456 [LOADING STATION PLC] [INFO] S13: WaitLoaded
2026-06-17 08:41:08.615617 [LOADING STATION PLC] [INFO] Start Loading Station PLC
2026-06-17 08:41:08.615617 [LOADING STATION PLC] [INFO] Connect to remote loading station.
2026-06-17 08:41:10.641001 [LOADING STATION PLC] [INFO] Connection attempt 1 failed: [WinError 10061] Kan geen verbinding maken omdat de doelcomputer de verbinding actief heeft geweigerd
2026-06-17 08:41:12.646448 [LOADING STATION PLC] [INFO] Connected to device at localhost:65432
2026-06-17 08:42:06.516925 [LOADING STATION PLC] [INFO] S11: CheckPermissives
2026-06-17 08:42:06.516925 [LOADING STATION PLC] [INFO] Loading station says: Ready to go.
2026-06-17 08:42:06.616120 [LOADING STATION PLC] [INFO] S12: LoadTray
2026-06-17 08:42:06.618658 [LOADING STATION PLC] [INFO] Loading station says: Loading cycle started.
2026-06-17 08:42:06.716313 [LOADING STATION PLC] [INFO] S13: WaitLoaded
2026-06-17 08:42:09.215865 [LOADING STATION PLC] [INFO] Loading station says: Loading cycle done.
2026-06-17 08:42:09.316927 [LOADING STATION PLC] [INFO] S14: OfferToConveyor
2026-06-17 08:42:09.616930 [LOADING STATION PLC] [INFO] S15: TrayTransfer
2026-06-17 08:42:11.627176 [LOADING STATION PLC] [INFO] S16: Complete
2026-06-17 08:42:13.640011 [LOADING STATION PLC] [INFO] S11: CheckPermissives
2026-06-17 08:42:13.640526 [LOADING STATION PLC] [INFO] Loading station says: Ready to go.
2026-06-17 08:42:13.640526 [LOADING STATION PLC] [INFO] S12: LoadTray
2026-06-17 08:42:13.642078 [LOADING STATION PLC] [INFO] Loading station says: Loading cycle started.
2026-06-17 08:42:13.643106 [LOADING STATION PLC] [INFO] S13: WaitLoaded
2026-06-17 08:42:22.117171 [LOADING STATION PLC] [INFO] Loading station says: Loading cycle done.
2026-06-17 08:42:22.216187 [LOADING STATION PLC] [INFO] S14: OfferToConveyor
2026-06-17 08:42:22.515922 [LOADING STATION PLC] [INFO] S15: TrayTransfer
2026-06-17 08:42:24.527155 [LOADING STATION PLC] [INFO] S16: Complete
2026-06-17 08:42:26.538917 [LOADING STATION PLC] [INFO] S11: CheckPermissives
2026-06-17 08:42:26.538917 [LOADING STATION PLC] [INFO] Loading station says: Ready to go.
2026-06-17 08:42:26.538917 [LOADING STATION PLC] [INFO] S12: LoadTray
2026-06-17 08:42:26.538917 [LOADING STATION PLC] [INFO] Loading station says: Loading cycle started.
2026-06-17 08:42:26.538917 [LOADING STATION PLC] [INFO] S13: WaitLoaded
2026-06-17 08:42:36.617054 [LOADING STATION PLC] [INFO] Loading station says: Loading cycle timeout.
2026-06-17 08:42:36.715904 [LOADING STATION PLC] [INFO] S18: Fault
2026-06-17 08:42:44.915879 [LOADING STATION PLC] [INFO] S10: Idle
2026-06-17 08:42:51.615970 [LOADING STATION PLC] [INFO] S11: CheckPermissives
2026-06-17 08:42:51.616977 [LOADING STATION PLC] [INFO] Loading station says: Ready to go.
2026-06-17 08:42:51.716221 [LOADING STATION PLC] [INFO] S12: LoadTray
2026-06-17 08:42:51.716653 [LOADING STATION PLC] [INFO] Loading station says: Loading cycle started.
2026-06-17 08:42:51.816324 [LOADING STATION PLC] [INFO] S13: WaitLoaded
2026-06-17 08:42:55.016311 [LOADING STATION PLC] [INFO] Loading station says: Loading cycle done.
2026-06-17 08:42:55.115918 [LOADING STATION PLC] [INFO] S14: OfferToConveyor
2026-06-17 08:42:55.415514 [LOADING STATION PLC] [INFO] S15: TrayTransfer
2026-06-17 08:42:57.425142 [LOADING STATION PLC] [INFO] S16: Complete
2026-06-17 08:42:59.438272 [LOADING STATION PLC] [INFO] S11: CheckPermissives
2026-06-17 08:42:59.438272 [LOADING STATION PLC] [INFO] Loading station says: Ready to go.
2026-06-17 08:42:59.438272 [LOADING STATION PLC] [INFO] S12: LoadTray
2026-06-17 08:42:59.439807 [LOADING STATION PLC] [INFO] Loading station says: Loading cycle started.
2026-06-17 08:42:59.439807 [LOADING STATION PLC] [INFO] S13: WaitLoaded
2026-06-17 08:43:04.317029 [LOADING STATION PLC] [INFO] Loading station says: Loading cycle done.
2026-06-17 08:43:04.416934 [LOADING STATION PLC] [INFO] S14: OfferToConveyor
2026-06-17 08:43:04.717361 [LOADING STATION PLC] [INFO] S15: TrayTransfer
2026-06-17 08:43:06.730045 [LOADING STATION PLC] [INFO] S16: Complete
2026-06-17 08:43:08.742510 [LOADING STATION PLC] [INFO] S11: CheckPermissives
2026-06-17 08:43:08.743151 [LOADING STATION PLC] [INFO] Loading station says: Ready to go.
2026-06-17 08:43:08.743151 [LOADING STATION PLC] [INFO] S12: LoadTray
2026-06-17 08:43:08.746346 [LOADING STATION PLC] [INFO] Loading station says: Loading cycle started.
2026-06-17 08:43:08.746346 [LOADING STATION PLC] [INFO] S13: WaitLoaded
2026-06-17 08:43:12.116874 [LOADING STATION PLC] [INFO] Loading station says: Loading cycle done.
2026-06-17 08:43:12.216011 [LOADING STATION PLC] [INFO] S14: OfferToConveyor
2026-06-17 08:43:12.515850 [LOADING STATION PLC] [INFO] S15: TrayTransfer
2026-06-17 08:43:14.528833 [LOADING STATION PLC] [INFO] S16: Complete
2026-06-17 08:43:16.541187 [LOADING STATION PLC] [INFO] S11: CheckPermissives
2026-06-17 08:43:16.541763 [LOADING STATION PLC] [INFO] Loading station says: Ready to go.
2026-06-17 08:43:16.541763 [LOADING STATION PLC] [INFO] S12: LoadTray
2026-06-17 08:43:16.544997 [LOADING STATION PLC] [INFO] Loading station says: Loading cycle started.
2026-06-17 08:43:16.545724 [LOADING STATION PLC] [INFO] S13: WaitLoaded
2026-06-17 08:43:22.416922 [LOADING STATION PLC] [INFO] Loading station says: Loading cycle done.
2026-06-17 08:43:22.516968 [LOADING STATION PLC] [INFO] S14: OfferToConveyor
2026-06-17 08:43:22.816354 [LOADING STATION PLC] [INFO] S15: TrayTransfer
2026-06-17 08:43:24.829681 [LOADING STATION PLC] [INFO] S16: Complete
2026-06-17 08:43:26.841452 [LOADING STATION PLC] [INFO] S11: CheckPermissives
2026-06-17 08:43:26.841452 [LOADING STATION PLC] [ERROR] Loading station says: Operational trouble.
2026-06-17 08:43:26.842008 [LOADING STATION PLC] [INFO] S18: Fault
2026-06-17 08:46:36.916923 [LOADING STATION PLC] [CRITICAL] Switching to EMERGENCY mode: Emergency condition active.
2026-06-17 08:46:36.916923 [LOADING STATION PLC] [INFO] Loading station says: Emergency stop acknowledged.
2026-06-17 08:47:54.416828 [LOADING STATION PLC] [INFO] Reset received. Recovering from Emergency...
2026-06-17 08:47:54.417828 [LOADING STATION PLC] [INFO] Loading station says: Reset acknowledged.
2026-06-17 08:47:54.417828 [LOADING STATION PLC] [INFO] PLC successfully recovered to RUNNING mode.
2026-06-17 08:47:54.517831 [LOADING STATION PLC] [INFO] S10: Idle
2026-06-17 08:49:25.116179 [LOADING STATION PLC] [INFO] S11: CheckPermissives
2026-06-17 08:49:25.116856 [LOADING STATION PLC] [INFO] Loading station says: Ready to go.
2026-06-17 08:49:25.216286 [LOADING STATION PLC] [INFO] S12: LoadTray
2026-06-17 08:49:25.217139 [LOADING STATION PLC] [INFO] Loading station says: Loading cycle started.
2026-06-17 08:49:25.316925 [LOADING STATION PLC] [INFO] S13: WaitLoaded
2026-06-17 08:49:28.417035 [LOADING STATION PLC] [INFO] Loading station says: Loading cycle done.
2026-06-17 08:49:28.516059 [LOADING STATION PLC] [INFO] S14: OfferToConveyor
2026-06-17 08:49:28.815939 [LOADING STATION PLC] [INFO] S15: TrayTransfer
2026-06-17 08:49:30.828802 [LOADING STATION PLC] [INFO] S16: Complete
2026-06-17 08:49:32.841340 [LOADING STATION PLC] [INFO] S11: CheckPermissives
2026-06-17 08:49:32.842411 [LOADING STATION PLC] [INFO] Loading station says: Ready to go.
2026-06-17 08:49:32.842411 [LOADING STATION PLC] [INFO] S12: LoadTray
2026-06-17 08:49:32.844258 [LOADING STATION PLC] [INFO] Loading station says: Loading cycle started.
2026-06-17 08:49:32.845999 [LOADING STATION PLC] [INFO] S13: WaitLoaded
2026-06-17 08:49:35.917243 [LOADING STATION PLC] [INFO] Loading station says: Loading cycle done.
2026-06-17 08:49:36.016362 [LOADING STATION PLC] [INFO] S14: OfferToConveyor
2026-06-17 08:49:36.317029 [LOADING STATION PLC] [INFO] S15: TrayTransfer
2026-06-17 08:49:38.328904 [LOADING STATION PLC] [INFO] S16: Complete
2026-06-17 08:49:40.340302 [LOADING STATION PLC] [INFO] S11: CheckPermissives
2026-06-17 08:49:40.341336 [LOADING STATION PLC] [INFO] Loading station says: Ready to go.
2026-06-17 08:49:40.341336 [LOADING STATION PLC] [INFO] S12: LoadTray
2026-06-17 08:49:40.342896 [LOADING STATION PLC] [INFO] Loading station says: Loading cycle started.
2026-06-17 08:49:40.342896 [LOADING STATION PLC] [INFO] S13: WaitLoaded
2026-06-17 08:49:48.116939 [LOADING STATION PLC] [INFO] Loading station says: Loading cycle done.
2026-06-17 08:49:48.216058 [LOADING STATION PLC] [INFO] S14: OfferToConveyor
2026-06-17 08:49:48.516234 [LOADING STATION PLC] [INFO] S15: TrayTransfer
2026-06-17 08:49:50.526977 [LOADING STATION PLC] [INFO] S16: Complete
2026-06-17 08:49:52.538278 [LOADING STATION PLC] [INFO] S11: CheckPermissives
2026-06-17 08:49:52.538278 [LOADING STATION PLC] [INFO] Loading station says: Ready to go.
2026-06-17 08:49:52.538278 [LOADING STATION PLC] [INFO] S12: LoadTray
2026-06-17 08:49:52.538278 [LOADING STATION PLC] [INFO] Loading station says: Loading cycle started.
2026-06-17 08:49:52.538278 [LOADING STATION PLC] [INFO] S13: WaitLoaded
2026-06-17 08:49:57.516187 [LOADING STATION PLC] [INFO] Exit Loading Station PLC
2026-06-17 08:49:57.616679 [LOADING STATION PLC] [INFO] Exiting PLC program - invoking exit routine.
2026-06-17 08:49:57.617683 [LOADING STATION PLC] [INFO] Connection to remote device closed.
